// Jest Snapshot v1, https://goo.gl/fbAQLP

exports[`npm publish only publishes the intended files 1`] = `
[
  "
jsxstyle
========
- LICENSE
- README.md
- lib/chunks/componentStyles.[hash].cjs.js
- lib/chunks/componentStyles.[hash].cjs.js.map
- lib/chunks/componentStyles.[hash].es.js
- lib/chunks/componentStyles.[hash].es.js.map
- lib/chunks/createClassNameGetter.[hash].cjs.js
- lib/chunks/createClassNameGetter.[hash].cjs.js.map
- lib/chunks/createClassNameGetter.[hash].es.js
- lib/chunks/createClassNameGetter.[hash].es.js.map
- lib/chunks/getStyleCache.[hash].cjs.js
- lib/chunks/getStyleCache.[hash].cjs.js.map
- lib/chunks/getStyleCache.[hash].es.js
- lib/chunks/getStyleCache.[hash].es.js.map
- lib/chunks/makeCustomProperties.[hash].cjs.js
- lib/chunks/makeCustomProperties.[hash].cjs.js.map
- lib/chunks/makeCustomProperties.[hash].es.js
- lib/chunks/makeCustomProperties.[hash].es.js.map
- lib/jsxstyle-nextjs-plugin/src/index.cjs.js
- lib/jsxstyle-nextjs-plugin/src/index.cjs.js.map
- lib/jsxstyle-nextjs-plugin/src/index.d.ts
- lib/jsxstyle-nextjs-plugin/src/index.d.ts.map
- lib/jsxstyle-nextjs-plugin/src/index.es.js
- lib/jsxstyle-nextjs-plugin/src/index.es.js.map
- lib/jsxstyle-react/src/componentFactory.d.ts
- lib/jsxstyle-react/src/componentFactory.d.ts.map
- lib/jsxstyle-react/src/index.cjs.js
- lib/jsxstyle-react/src/index.cjs.js.map
- lib/jsxstyle-react/src/index.d.ts
- lib/jsxstyle-react/src/index.d.ts.map
- lib/jsxstyle-react/src/index.es.js
- lib/jsxstyle-react/src/index.es.js.map
- lib/jsxstyle-react/src/styleCache.d.ts
- lib/jsxstyle-react/src/styleCache.d.ts.map
- lib/jsxstyle-react/src/types.d.ts
- lib/jsxstyle-react/src/types.d.ts.map
- lib/jsxstyle-react/src/useMatchMedia.d.ts
- lib/jsxstyle-react/src/useMatchMedia.d.ts.map
- lib/jsxstyle-solid/src/componentFactory.d.ts
- lib/jsxstyle-solid/src/componentFactory.d.ts.map
- lib/jsxstyle-solid/src/index.cjs.js
- lib/jsxstyle-solid/src/index.cjs.js.map
- lib/jsxstyle-solid/src/index.d.ts
- lib/jsxstyle-solid/src/index.d.ts.map
- lib/jsxstyle-solid/src/index.es.js
- lib/jsxstyle-solid/src/index.es.js.map
- lib/jsxstyle-solid/src/styleCache.d.ts
- lib/jsxstyle-solid/src/styleCache.d.ts.map
- lib/jsxstyle-solid/src/types.d.ts
- lib/jsxstyle-solid/src/types.d.ts.map
- lib/jsxstyle-utils/src/addStyleToHead.d.ts
- lib/jsxstyle-utils/src/addStyleToHead.d.ts.map
- lib/jsxstyle-utils/src/componentStyles.d.ts
- lib/jsxstyle-utils/src/componentStyles.d.ts.map
- lib/jsxstyle-utils/src/createClassNameGetter.d.ts
- lib/jsxstyle-utils/src/createClassNameGetter.d.ts.map
- lib/jsxstyle-utils/src/dangerousStyleValue.d.ts
- lib/jsxstyle-utils/src/dangerousStyleValue.d.ts.map
- lib/jsxstyle-utils/src/generateCustomPropertiesFromVariants.d.ts
- lib/jsxstyle-utils/src/generateCustomPropertiesFromVariants.d.ts.map
- lib/jsxstyle-utils/src/getStringHash.d.ts
- lib/jsxstyle-utils/src/getStringHash.d.ts.map
- lib/jsxstyle-utils/src/getStyleCache.d.ts
- lib/jsxstyle-utils/src/getStyleCache.d.ts.map
- lib/jsxstyle-utils/src/hyphenateStyleName.d.ts
- lib/jsxstyle-utils/src/hyphenateStyleName.d.ts.map
- lib/jsxstyle-utils/src/index.cjs.js
- lib/jsxstyle-utils/src/index.cjs.js.map
- lib/jsxstyle-utils/src/index.d.ts
- lib/jsxstyle-utils/src/index.d.ts.map
- lib/jsxstyle-utils/src/index.es.js
- lib/jsxstyle-utils/src/index.es.js.map
- lib/jsxstyle-utils/src/makeCustomProperties.d.ts
- lib/jsxstyle-utils/src/makeCustomProperties.d.ts.map
- lib/jsxstyle-utils/src/parseStyleProps.d.ts
- lib/jsxstyle-utils/src/parseStyleProps.d.ts.map
- lib/jsxstyle-utils/src/processProps.d.ts
- lib/jsxstyle-utils/src/processProps.d.ts.map
- lib/jsxstyle-utils/src/stringHash.d.ts
- lib/jsxstyle-utils/src/stringHash.d.ts.map
- lib/jsxstyle-utils/src/types.d.ts
- lib/jsxstyle-utils/src/types.d.ts.map
- lib/jsxstyle-webpack-plugin/src/base64Loader.cjs.js
- lib/jsxstyle-webpack-plugin/src/base64Loader.cjs.js.map
- lib/jsxstyle-webpack-plugin/src/base64Loader.d.ts
- lib/jsxstyle-webpack-plugin/src/base64Loader.d.ts.map
- lib/jsxstyle-webpack-plugin/src/base64Loader.es.js
- lib/jsxstyle-webpack-plugin/src/base64Loader.es.js.map
- lib/jsxstyle-webpack-plugin/src/loader.cjs.js
- lib/jsxstyle-webpack-plugin/src/loader.cjs.js.map
- lib/jsxstyle-webpack-plugin/src/loader.d.ts
- lib/jsxstyle-webpack-plugin/src/loader.d.ts.map
- lib/jsxstyle-webpack-plugin/src/loader.es.js
- lib/jsxstyle-webpack-plugin/src/loader.es.js.map
- lib/jsxstyle-webpack-plugin/src/noop.cjs.js
- lib/jsxstyle-webpack-plugin/src/noop.cjs.js.map
- lib/jsxstyle-webpack-plugin/src/noop.d.ts
- lib/jsxstyle-webpack-plugin/src/noop.d.ts.map
- lib/jsxstyle-webpack-plugin/src/noop.es.js
- lib/jsxstyle-webpack-plugin/src/noop.es.js.map
- lib/jsxstyle-webpack-plugin/src/plugin.cjs.js
- lib/jsxstyle-webpack-plugin/src/plugin.cjs.js.map
- lib/jsxstyle-webpack-plugin/src/plugin.d.ts
- lib/jsxstyle-webpack-plugin/src/plugin.d.ts.map
- lib/jsxstyle-webpack-plugin/src/plugin.es.js
- lib/jsxstyle-webpack-plugin/src/plugin.es.js.map
- lib/jsxstyle-webpack-plugin/src/types.d.ts
- lib/jsxstyle-webpack-plugin/src/types.d.ts.map
- lib/jsxstyle-webpack-plugin/src/utils/ModuleCache.d.ts
- lib/jsxstyle-webpack-plugin/src/utils/ModuleCache.d.ts.map
- lib/jsxstyle-webpack-plugin/src/utils/ast/accessSafe.d.ts
- lib/jsxstyle-webpack-plugin/src/utils/ast/accessSafe.d.ts.map
- lib/jsxstyle-webpack-plugin/src/utils/ast/evaluateAstNode.d.ts
- lib/jsxstyle-webpack-plugin/src/utils/ast/evaluateAstNode.d.ts.map
- lib/jsxstyle-webpack-plugin/src/utils/ast/extractStaticTernaries.d.ts
- lib/jsxstyle-webpack-plugin/src/utils/ast/extractStaticTernaries.d.ts.map
- lib/jsxstyle-webpack-plugin/src/utils/ast/extractStyles.cjs.js
- lib/jsxstyle-webpack-plugin/src/utils/ast/extractStyles.cjs.js.map
- lib/jsxstyle-webpack-plugin/src/utils/ast/extractStyles.d.ts
- lib/jsxstyle-webpack-plugin/src/utils/ast/extractStyles.d.ts.map
- lib/jsxstyle-webpack-plugin/src/utils/ast/extractStyles.es.js
- lib/jsxstyle-webpack-plugin/src/utils/ast/extractStyles.es.js.map
- lib/jsxstyle-webpack-plugin/src/utils/ast/generatedUid.d.ts
- lib/jsxstyle-webpack-plugin/src/utils/ast/generatedUid.d.ts.map
- lib/jsxstyle-webpack-plugin/src/utils/ast/getCommentForNode.d.ts
- lib/jsxstyle-webpack-plugin/src/utils/ast/getCommentForNode.d.ts.map
- lib/jsxstyle-webpack-plugin/src/utils/ast/getImportForSource.d.ts
- lib/jsxstyle-webpack-plugin/src/utils/ast/getImportForSource.d.ts.map
- lib/jsxstyle-webpack-plugin/src/utils/ast/getInlineImportString.d.ts
- lib/jsxstyle-webpack-plugin/src/utils/ast/getInlineImportString.d.ts.map
- lib/jsxstyle-webpack-plugin/src/utils/ast/getPropValueFromAttributes.d.ts
- lib/jsxstyle-webpack-plugin/src/utils/ast/getPropValueFromAttributes.d.ts.map
- lib/jsxstyle-webpack-plugin/src/utils/ast/getSourceModule.d.ts
- lib/jsxstyle-webpack-plugin/src/utils/ast/getSourceModule.d.ts.map
- lib/jsxstyle-webpack-plugin/src/utils/ast/getStaticBindingsForScope.d.ts
- lib/jsxstyle-webpack-plugin/src/utils/ast/getStaticBindingsForScope.d.ts.map
- lib/jsxstyle-webpack-plugin/src/utils/ast/parse.d.ts
- lib/jsxstyle-webpack-plugin/src/utils/ast/parse.d.ts.map
- lib/jsxstyle-webpack-plugin/src/utils/createModule.d.ts
- lib/jsxstyle-webpack-plugin/src/utils/createModule.d.ts.map
- lib/jsxstyle-webpack-plugin/src/utils/getExportsFromModuleSource.d.ts
- lib/jsxstyle-webpack-plugin/src/utils/getExportsFromModuleSource.d.ts.map
- lib/jsxstyle-webpack-plugin/src/utils/makePromise.d.ts
- lib/jsxstyle-webpack-plugin/src/utils/makePromise.d.ts.map
- lib/jsxstyle-webpack-plugin/src/utils/typePredicates.d.ts
- lib/jsxstyle-webpack-plugin/src/utils/typePredicates.d.ts.map
- lib/jsxstyle-webpack-plugin/src/utils/wrapFileSystem.d.ts
- lib/jsxstyle-webpack-plugin/src/utils/wrapFileSystem.d.ts.map
- package.json
",
]
`;
