// Jest Snapshot v1, https://goo.gl/fbAQLP

exports[`npm publish only publishes the intended files 1`] = `
Array [
  "
gatsby-plugin-jsxstyle
======================
- package.json
- gatsby-node.js
- gatsby-ssr.js
- index.js
- LICENSE
",
  "
jsxstyle
========
- package.json
- LICENSE
- README.md
- preact/lib/index.d.ts
- preact/lib/index.d.ts.map
- preact/lib/jsxstyle-preact.cjs.js
- preact/lib/jsxstyle-preact.es.js
- preact/lib/jsxstyle-preact.js
- react/lib/componentFactory.d.ts
- react/lib/componentFactory.d.ts.map
- react/lib/index.d.ts
- react/lib/index.d.ts.map
- react/lib/jsxstyle-react.cjs.js
- react/lib/jsxstyle-react.es.js
- react/lib/jsxstyle-react.js
- react/lib/styleCache.d.ts
- react/lib/styleCache.d.ts.map
- react/lib/types.d.ts
- react/lib/types.d.ts.map
- react/lib/useMatchMedia.d.ts
- react/lib/useMatchMedia.d.ts.map
- utils/lib/addStyleToHead.d.ts
- utils/lib/addStyleToHead.d.ts.map
- utils/lib/componentStyles.d.ts
- utils/lib/componentStyles.d.ts.map
- utils/lib/createClassNameGetter.d.ts
- utils/lib/createClassNameGetter.d.ts.map
- utils/lib/dangerousStyleValue.d.ts
- utils/lib/dangerousStyleValue.d.ts.map
- utils/lib/getStringHash.d.ts
- utils/lib/getStringHash.d.ts.map
- utils/lib/getStyleCache.d.ts
- utils/lib/getStyleCache.d.ts.map
- utils/lib/hyphenateStyleName.d.ts
- utils/lib/hyphenateStyleName.d.ts.map
- utils/lib/index.d.ts
- utils/lib/index.d.ts.map
- utils/lib/jsxstyle-utils.cjs.js
- utils/lib/jsxstyle-utils.es.js
- utils/lib/jsxstyle-utils.js
- utils/lib/parseStyleProps.d.ts
- utils/lib/parseStyleProps.d.ts.map
- utils/lib/processProps.d.ts
- utils/lib/processProps.d.ts.map
- utils/lib/stringHash.d.ts
- utils/lib/stringHash.d.ts.map
- utils/lib/types.d.ts
- utils/lib/types.d.ts.map
",
  "
jsxstyle-webpack-plugin
=======================
- package.json
- LICENSE
- README.md
- lib/constants.d.ts
- lib/constants.d.ts.map
- lib/constants.js
- lib/constants.js.map
- lib/loader.d.ts
- lib/loader.d.ts.map
- lib/loader.js
- lib/loader.js.map
- lib/plugin.d.ts
- lib/plugin.d.ts.map
- lib/plugin.js
- lib/plugin.js.map
- lib/utils/ast/accessSafe.d.ts
- lib/utils/ast/accessSafe.d.ts.map
- lib/utils/ast/accessSafe.js
- lib/utils/ast/accessSafe.js.map
- lib/utils/ast/evaluateAstNode.d.ts
- lib/utils/ast/evaluateAstNode.d.ts.map
- lib/utils/ast/evaluateAstNode.js
- lib/utils/ast/evaluateAstNode.js.map
- lib/utils/ast/extractStaticTernaries.d.ts
- lib/utils/ast/extractStaticTernaries.d.ts.map
- lib/utils/ast/extractStaticTernaries.js
- lib/utils/ast/extractStaticTernaries.js.map
- lib/utils/ast/extractStyles.d.ts
- lib/utils/ast/extractStyles.d.ts.map
- lib/utils/ast/extractStyles.js
- lib/utils/ast/extractStyles.js.map
- lib/utils/ast/generatedUid.d.ts
- lib/utils/ast/generatedUid.d.ts.map
- lib/utils/ast/generatedUid.js
- lib/utils/ast/generatedUid.js.map
- lib/utils/ast/getCommentForNode.d.ts
- lib/utils/ast/getCommentForNode.d.ts.map
- lib/utils/ast/getCommentForNode.js
- lib/utils/ast/getCommentForNode.js.map
- lib/utils/ast/getPropValueFromAttributes.d.ts
- lib/utils/ast/getPropValueFromAttributes.d.ts.map
- lib/utils/ast/getPropValueFromAttributes.js
- lib/utils/ast/getPropValueFromAttributes.js.map
- lib/utils/ast/getSourceModule.d.ts
- lib/utils/ast/getSourceModule.d.ts.map
- lib/utils/ast/getSourceModule.js
- lib/utils/ast/getSourceModule.js.map
- lib/utils/ast/getStaticBindingsForScope.d.ts
- lib/utils/ast/getStaticBindingsForScope.d.ts.map
- lib/utils/ast/getStaticBindingsForScope.js
- lib/utils/ast/getStaticBindingsForScope.js.map
- lib/utils/ast/parse.d.ts
- lib/utils/ast/parse.d.ts.map
- lib/utils/ast/parse.js
- lib/utils/ast/parse.js.map
- lib/utils/createModule.d.ts
- lib/utils/createModule.d.ts.map
- lib/utils/createModule.js
- lib/utils/createModule.js.map
- lib/utils/getExportsFromModuleSource.d.ts
- lib/utils/getExportsFromModuleSource.d.ts.map
- lib/utils/getExportsFromModuleSource.js
- lib/utils/getExportsFromModuleSource.js.map
- lib/utils/makePromise.d.ts
- lib/utils/makePromise.d.ts.map
- lib/utils/makePromise.js
- lib/utils/makePromise.js.map
- lib/utils/ModuleCache.d.ts
- lib/utils/ModuleCache.d.ts.map
- lib/utils/ModuleCache.js
- lib/utils/ModuleCache.js.map
- lib/utils/typePredicates.d.ts
- lib/utils/typePredicates.d.ts.map
- lib/utils/typePredicates.js
- lib/utils/typePredicates.js.map
- lib/utils/wrapFileSystem.d.ts
- lib/utils/wrapFileSystem.d.ts.map
- lib/utils/wrapFileSystem.js
- lib/utils/wrapFileSystem.js.map
",
]
`;
